discover  intel     2020        mpt       2.17             g  8903   0
discover  intel     2020        intelmpi  19.1.3.304       g  8903   0
discover  intel     2020        mpt       2.17             O  8903   0
discover  intel     2020        intelmpi  19.1.3.304       O  8903   0
discover  gfortran  10.1.0      intelmpi  19.1.3.304       g  8888   15
discover  gfortran  10.1.0      intelmpi  19.1.3.304       O  8888   15
discover  gfortran  8.3.0       mpt       2.17             g  8903   0
discover  gfortran  8.3.0       mpiuni    none             g  7398   0
discover  gfortran  8.3.0       intelmpi  19.1.3.304       g  8888   15
discover  gfortran  8.3.0       mpt       2.17             O  8903   0
discover  gfortran  8.3.0       mpiuni    none             O  7398   0
discover  gfortran  8.3.0       intelmpi  19.1.3.304       O  8888   15
discover  pgi       2020        mpiuni    none             g  7392   6
discover  pgi       2020        mpiuni    none             O  7390   8
gaffney   intel     2018.1      mpt       2.20             g  8277   626
gaffney   intel     2018.1      intelmpi  18.0.1.163       g  8903   0
gaffney   intel     2018.1      mpt       2.20             O  8277   626
gaffney   intel     2018.1      intelmpi  18.0.1.163       O  8903   0
gaffney   gfortran  9.2.0       mpiuni    none             g  7398   0
gaffney   gfortran  9.2.0       openmpi   2.1.2            g  8860   43
gaffney   gfortran  9.2.0       mpiuni    none             O  7398   0
gaffney   gfortran  9.2.0       openmpi   2.1.2            O  8860   43
izumi     intel     19.1.0.166  mpiuni    none             g  7398   0
izumi     intel     19.1.0.166  mpiuni    none             O  7398   0
izumi     gfortran  9.3.0       mpiuni    none             g  7398   0
izumi     gfortran  9.3.0       mpiuni    none             O  7398   0
izumi     nag       7.0         mpiuni    none             g  tests  not
izumi     nag       7.0         mpich3    7.0              g  tests  not
izumi     nag       7.0         mpiuni    none             O  tests  not
izumi     nag       7.0         mpich3    7.0              O  tests  not
catania   gfortran  9.3.0       mpiuni    none             g  4118   3280
catania   gfortran  9.3.0       mpiuni    none             O  4221   3177
orion     intel     2020        intelmpi  2020.2           g  8903   0
orion     intel     2020        intelmpi  2020.2           O  8903   0
chianti   gfortran  9.3.0       openmpi   3.1.3-gcc-9.3.0  g  8903   0
chianti   gfortran  9.3.0       openmpi   3.1.3-gcc-9.3.0  O  8903   0
cheyenne  intel     18.0.5      mpt       2.19             g  tests  not
cheyenne  intel     18.0.5      openmpi   3.1.4            g  8903   0
cheyenne  intel     18.0.5      intelmpi  2018.4.274       g  tests  not
cheyenne  intel     18.0.5      mpt       2.19             O  8829   74
cheyenne  intel     18.0.5      openmpi   3.1.4            O  tests  not
cheyenne  intel     18.0.5      intelmpi  2018.4.274       O  tests  not
cheyenne  gfortran  10.1.0      mpt       2.23             g  8903   0
cheyenne  gfortran  10.1.0      openmpi   4.0.5            g  8903   0
cheyenne  gfortran  10.1.0      mpt       2.23             O  8903   0
cheyenne  gfortran  10.1.0      openmpi   4.0.5            O  8903   0
cheyenne  gfortran  9.1.0       mpt       2.22             g  8903   0
cheyenne  gfortran  9.1.0       openmpi   4.0.5            g  8903   0
cheyenne  gfortran  9.1.0       mpt       2.22             O  8903   0
cheyenne  gfortran  9.1.0       openmpi   4.0.5            O  8903   0
cheyenne  gfortran  7.4.0       openmpi   4.0.3            g  8903   0
cheyenne  gfortran  7.4.0       openmpi   4.0.3            O  8903   0
plavac    gfortran  9.3.0       openmpi   3.1.5            g  8327   576
plavac    gfortran  9.3.0       openmpi   3.1.5            O  8327   576
hera      intel     18.0.4      mpiuni    none             g  7398   0
hera      intel     18.0.4      intelmpi  2018.4.274       g  8903   0
hera      intel     18.0.4      mpiuni    none             O  7398   0
hera      intel     18.0.4      intelmpi  2018.4.274       O  8903   0
hera      gfortran  9.2.0       mpiuni    none             g  7398   0
hera      gfortran  9.2.0       openmpi   3.1.4            g  8903   0
hera      gfortran  9.2.0       intelmpi  2020             g  8262   641
hera      gfortran  9.2.0       mpiuni    none             O  7398   0
hera      gfortran  9.2.0       openmpi   3.1.4            O  8903   0
hera      gfortran  9.2.0       intelmpi  2020             O  8262   641
onyx      intel     2017.5      mpi       7.7.12           g  8903   0
onyx      intel     2017.5      mpi       7.7.12           O  8903   0
gaea      intel     2019.5      mpiuni    none             g  7383   15
gaea      intel     2019.5      mpi       7.7.11           g  8888   15
gaea      intel     2019.5      mpiuni    none             O  7383   15
gaea      intel     2019.5      mpi       7.7.11           O  8888   15
gaea      gfortran  8.3.0       mpiuni    none             g  7398   0
gaea      gfortran  8.3.0       mpi       7.7.11           g  tests  not
gaea      gfortran  8.3.0       mpiuni    none             O  7398   0
gaea      gfortran  8.3.0       mpi       7.7.11           O  8902   1
koehr     intel     2019.4      mpt       2.20             g  8903   0
koehr     intel     2019.4      mpt       2.20             O  8903   0
koehr     intel     2020.2      intelmpi  2020.2.254       g  8903   0
koehr     intel     2020.2      intelmpi  2020.2.254       O  8903   0
koehr     gfortran  10.1.0      mpt       2.20             g  8903   0
koehr     gfortran  10.1.0      mpt       2.20             O  8903   0
koehr     gfortran  7.3.0       mpt       2.20             g  8903   0
koehr     gfortran  7.3.0       mpt       2.20             O  8903   0
